pfsnet20_02_2026-04-13_01-07-59

n_machines=20
nb_nodes=50
lr=1e-05
tol=0.001
nb_epochs=40
bsz=512
nb_batch_per_epoch=2000
nb_batch_eval=300
gpu_id=0


Epoch: 0, tot time: 0.176day, epoch time: 253.235min, cptl time: 51.923min, L_train: 43.091, L_base: 49.043, L_random: 47.862, update: True
Epoch: 1, tot time: 0.356day, epoch time: 249.761min, cptl time: 52.366min, L_train: 42.077, L_base: 43.090, L_random: 47.868, update: True
Epoch: 2, tot time: 0.536day, epoch time: 247.620min, cptl time: 51.474min, L_train: 41.379, L_base: 42.078, L_random: 47.866, update: True
Epoch: 3, tot time: 0.714day, epoch time: 246.860min, cptl time: 50.736min, L_train: 41.132, L_base: 41.372, L_random: 47.863, update: True
Epoch: 4, tot time: 0.824day, epoch time: 150.001min, cptl time: 35.160min, L_train: 40.932, L_base: 41.132, L_random: 47.864, update: True
Epoch: 5, tot time: 0.934day, epoch time: 150.159min, cptl time: 34.995min, L_train: 40.932, L_base: 40.938, L_random: 47.865, update: True
Epoch: 6, tot time: 1.044day, epoch time: 150.293min, cptl time: 35.386min, L_train: 40.628, L_base: 40.930, L_random: 47.868, update: True
Epoch: 7, tot time: 1.216day, epoch time: 238.410min, cptl time: 49.031min, L_train: 40.628, L_base: 40.626, L_random: 47.864, update: False
Epoch: 8, tot time: 1.328day, epoch time: 152.787min, cptl time: 38.168min, L_train: 40.467, L_base: 40.627, L_random: 47.863, update: True
Epoch: 9, tot time: 1.477day, epoch time: 204.248min, cptl time: 44.382min, L_train: 40.408, L_base: 40.469, L_random: 47.863, update: True
Epoch: 10, tot time: 1.665day, epoch time: 262.022min, cptl time: 55.718min, L_train: 40.339, L_base: 40.406, L_random: 47.859, update: True
Epoch: 11, tot time: 1.855day, epoch time: 260.449min, cptl time: 53.138min, L_train: 40.378, L_base: 40.335, L_random: 47.860, update: False
Epoch: 12, tot time: 2.040day, epoch time: 256.696min, cptl time: 52.115min, L_train: 40.262, L_base: 40.342, L_random: 47.859, update: True
Epoch: 13, tot time: 2.188day, epoch time: 204.464min, cptl time: 42.621min, L_train: 40.246, L_base: 40.260, L_random: 47.860, update: True
Epoch: 14, tot time: 2.298day, epoch time: 150.258min, cptl time: 35.216min, L_train: 40.203, L_base: 40.242, L_random: 47.851, update: True
Epoch: 15, tot time: 2.408day, epoch time: 151.817min, cptl time: 35.621min, L_train: 40.161, L_base: 40.206, L_random: 47.859, update: True
Epoch: 16, tot time: 2.520day, epoch time: 153.298min, cptl time: 38.822min, L_train: 40.137, L_base: 40.164, L_random: 47.859, update: True
Epoch: 17, tot time: 2.678day, epoch time: 216.807min, cptl time: 46.808min, L_train: 40.096, L_base: 40.137, L_random: 47.859, update: True
Epoch: 18, tot time: 2.872day, epoch time: 269.271min, cptl time: 54.608min, L_train: 40.080, L_base: 40.096, L_random: 47.864, update: True
Epoch: 19, tot time: 2.995day, epoch time: 167.837min, cptl time: 39.805min, L_train: 40.026, L_base: 40.078, L_random: 47.864, update: True
Epoch: 20, tot time: 3.169day, epoch time: 241.992min, cptl time: 53.656min, L_train: 40.031, L_base: 40.026, L_random: 47.867, update: False
Epoch: 21, tot time: 3.362day, epoch time: 265.076min, cptl time: 54.513min, L_train: 40.030, L_base: 40.025, L_random: 47.860, update: False
Epoch: 22, tot time: 3.509day, epoch time: 201.301min, cptl time: 46.105min, L_train: 39.995, L_base: 40.024, L_random: 47.858, update: True
Epoch: 23, tot time: 3.622day, epoch time: 151.957min, cptl time: 36.202min, L_train: 39.951, L_base: 39.994, L_random: 47.861, update: True
Epoch: 24, tot time: 3.733day, epoch time: 152.837min, cptl time: 37.629min, L_train: 39.957, L_base: 39.956, L_random: 47.861, update: False
Epoch: 25, tot time: 3.844day, epoch time: 151.555min, cptl time: 37.864min, L_train: 39.946, L_base: 39.953, L_random: 47.860, update: True
Epoch: 26, tot time: 3.958day, epoch time: 153.474min, cptl time: 36.323min, L_train: 39.933, L_base: 39.944, L_random: 47.859, update: True
Epoch: 27, tot time: 4.080day, epoch time: 167.241min, cptl time: 39.112min, L_train: 39.933, L_base: 39.936, L_random: 47.863, update: True
Epoch: 28, tot time: 4.195day, epoch time: 155.688min, cptl time: 37.017min, L_train: 39.899, L_base: 39.932, L_random: 47.860, update: True
Epoch: 29, tot time: 4.307day, epoch time: 153.922min, cptl time: 36.141min, L_train: 39.918, L_base: 39.900, L_random: 47.864, update: False
Epoch: 30, tot time: 4.431day, epoch time: 168.452min, cptl time: 40.193min, L_train: 39.877, L_base: 39.899, L_random: 47.865, update: True
Epoch: 31, tot time: 4.554day, epoch time: 167.076min, cptl time: 37.018min, L_train: 39.856, L_base: 39.879, L_random: 47.861, update: True
Epoch: 32, tot time: 4.675day, epoch time: 166.318min, cptl time: 36.393min, L_train: 39.888, L_base: 39.852, L_random: 47.858, update: False
Epoch: 33, tot time: 4.798day, epoch time: 168.586min, cptl time: 39.821min, L_train: 39.858, L_base: 39.857, L_random: 47.866, update: False
Epoch: 34, tot time: 4.909day, epoch time: 151.669min, cptl time: 36.270min, L_train: 39.852, L_base: 39.855, L_random: 47.861, update: True
Epoch: 35, tot time: 5.018day, epoch time: 150.111min, cptl time: 37.956min, L_train: 39.825, L_base: 39.850, L_random: 47.863, update: True
Epoch: 36, tot time: 5.215day, epoch time: 270.366min, cptl time: 57.039min, L_train: 39.844, L_base: 39.826, L_random: 47.862, update: False
Epoch: 37, tot time: 5.379day, epoch time: 224.103min, cptl time: 45.354min, L_train: 39.821, L_base: 39.829, L_random: 47.864, update: True
Epoch: 38, tot time: 5.512day, epoch time: 183.420min, cptl time: 40.612min, L_train: 39.801, L_base: 39.820, L_random: 47.861, update: True
Epoch: 39, tot time: 5.697day, epoch time: 256.457min, cptl time: 52.278min, L_train: 39.808, L_base: 39.801, L_random: 47.859, update: False
