litejobembed01_2025-09-12_20-45-33

n_machines=20
nb_nodes=50
lr=1e-05
tol=0.001
nb_epochs=80
bsz=256
nb_batch_per_epoch=2000
nb_batch_eval=300
gpu_id=0


Epoch: 0, tot time: 0.080day, epoch time: 115.115min, cptl time: 32.779min, L_train: 43.066, L_base: 47.560, L_random: 47.864, update: True
Epoch: 1, tot time: 0.164day, epoch time: 112.558min, cptl time: 31.903min, L_train: 42.538, L_base: 43.066, L_random: 47.862, update: True
Epoch: 2, tot time: 0.247day, epoch time: 112.140min, cptl time: 31.983min, L_train: 42.232, L_base: 42.531, L_random: 47.860, update: True
Epoch: 3, tot time: 0.332day, epoch time: 114.562min, cptl time: 31.862min, L_train: 42.076, L_base: 42.234, L_random: 47.858, update: True
Epoch: 4, tot time: 0.415day, epoch time: 111.102min, cptl time: 31.865min, L_train: 41.932, L_base: 42.084, L_random: 47.868, update: True
Epoch: 5, tot time: 0.497day, epoch time: 110.844min, cptl time: 31.752min, L_train: 41.807, L_base: 41.923, L_random: 47.866, update: True
Epoch: 6, tot time: 0.580day, epoch time: 111.091min, cptl time: 31.815min, L_train: 41.764, L_base: 41.809, L_random: 47.851, update: True
Epoch: 7, tot time: 0.664day, epoch time: 113.125min, cptl time: 35.225min, L_train: 41.651, L_base: 41.768, L_random: 47.853, update: True
Epoch: 8, tot time: 0.752day, epoch time: 117.436min, cptl time: 36.340min, L_train: 41.596, L_base: 41.651, L_random: 47.868, update: True
Epoch: 9, tot time: 0.835day, epoch time: 111.185min, cptl time: 31.898min, L_train: 41.575, L_base: 41.596, L_random: 47.859, update: True
Epoch: 10, tot time: 0.920day, epoch time: 115.302min, cptl time: 36.656min, L_train: 41.561, L_base: 41.584, L_random: 47.861, update: True
Epoch: 11, tot time: 1.012day, epoch time: 121.753min, cptl time: 39.166min, L_train: 41.475, L_base: 41.550, L_random: 47.859, update: True
Epoch: 12, tot time: 1.094day, epoch time: 110.949min, cptl time: 31.835min, L_train: 41.477, L_base: 41.478, L_random: 47.858, update: True
Epoch: 13, tot time: 1.177day, epoch time: 111.087min, cptl time: 31.887min, L_train: 41.457, L_base: 41.488, L_random: 47.865, update: True
Epoch: 14, tot time: 1.259day, epoch time: 111.173min, cptl time: 31.932min, L_train: 41.421, L_base: 41.454, L_random: 47.866, update: True
Epoch: 15, tot time: 1.342day, epoch time: 110.989min, cptl time: 31.810min, L_train: 41.410, L_base: 41.415, L_random: 47.862, update: True
Epoch: 16, tot time: 1.425day, epoch time: 111.120min, cptl time: 33.007min, L_train: 41.373, L_base: 41.415, L_random: 47.862, update: True
Epoch: 17, tot time: 1.508day, epoch time: 111.299min, cptl time: 32.032min, L_train: 41.421, L_base: 41.370, L_random: 47.859, update: False
Epoch: 18, tot time: 1.591day, epoch time: 111.115min, cptl time: 31.818min, L_train: 41.438, L_base: 41.370, L_random: 47.864, update: False
Epoch: 19, tot time: 1.675day, epoch time: 113.459min, cptl time: 33.542min, L_train: 41.380, L_base: 41.366, L_random: 47.857, update: False
Epoch: 20, tot time: 1.760day, epoch time: 115.164min, cptl time: 36.562min, L_train: 41.429, L_base: 41.369, L_random: 47.857, update: False
Epoch: 21, tot time: 1.844day, epoch time: 110.777min, cptl time: 31.771min, L_train: 41.321, L_base: 41.367, L_random: 47.859, update: True
Epoch: 22, tot time: 1.927day, epoch time: 111.333min, cptl time: 32.089min, L_train: 41.336, L_base: 41.323, L_random: 47.859, update: False
Epoch: 23, tot time: 2.010day, epoch time: 111.339min, cptl time: 31.942min, L_train: 41.296, L_base: 41.316, L_random: 47.856, update: True
Epoch: 24, tot time: 2.092day, epoch time: 110.710min, cptl time: 31.619min, L_train: 41.282, L_base: 41.309, L_random: 47.862, update: True
Epoch: 25, tot time: 2.174day, epoch time: 110.861min, cptl time: 31.673min, L_train: 41.310, L_base: 41.279, L_random: 47.862, update: False
Epoch: 26, tot time: 2.259day, epoch time: 114.637min, cptl time: 34.290min, L_train: 41.230, L_base: 41.286, L_random: 47.865, update: True
Epoch: 27, tot time: 2.344day, epoch time: 113.446min, cptl time: 32.518min, L_train: 41.219, L_base: 41.225, L_random: 47.856, update: True
Epoch: 28, tot time: 2.428day, epoch time: 113.038min, cptl time: 32.407min, L_train: 41.211, L_base: 41.217, L_random: 47.860, update: True
Epoch: 29, tot time: 2.510day, epoch time: 111.004min, cptl time: 31.843min, L_train: 41.195, L_base: 41.206, L_random: 47.853, update: True
Epoch: 30, tot time: 2.593day, epoch time: 111.070min, cptl time: 31.848min, L_train: 41.209, L_base: 41.202, L_random: 47.860, update: False
Epoch: 31, tot time: 2.676day, epoch time: 111.615min, cptl time: 32.388min, L_train: 41.142, L_base: 41.198, L_random: 47.860, update: True
Epoch: 32, tot time: 2.759day, epoch time: 112.414min, cptl time: 32.350min, L_train: 41.185, L_base: 41.138, L_random: 47.869, update: False
Epoch: 33, tot time: 2.842day, epoch time: 110.729min, cptl time: 31.679min, L_train: 41.137, L_base: 41.139, L_random: 47.870, update: True
Epoch: 34, tot time: 2.933day, epoch time: 124.551min, cptl time: 36.784min, L_train: 41.126, L_base: 41.140, L_random: 47.859, update: True
Epoch: 35, tot time: 3.029day, epoch time: 128.653min, cptl time: 37.979min, L_train: 41.120, L_base: 41.120, L_random: 47.857, update: False
Epoch: 36, tot time: 3.124day, epoch time: 126.649min, cptl time: 36.317min, L_train: 41.193, L_base: 41.123, L_random: 47.870, update: False
Epoch: 37, tot time: 3.213day, epoch time: 119.840min, cptl time: 36.465min, L_train: 41.150, L_base: 41.115, L_random: 47.852, update: False
Epoch: 38, tot time: 3.299day, epoch time: 113.884min, cptl time: 35.628min, L_train: 41.148, L_base: 41.114, L_random: 47.857, update: False
Epoch: 39, tot time: 3.384day, epoch time: 112.539min, cptl time: 32.800min, L_train: 41.100, L_base: 41.123, L_random: 47.864, update: True
Epoch: 40, tot time: 3.467day, epoch time: 111.574min, cptl time: 32.009min, L_train: 41.106, L_base: 41.098, L_random: 47.859, update: False
Epoch: 41, tot time: 3.549day, epoch time: 110.787min, cptl time: 31.683min, L_train: 41.085, L_base: 41.098, L_random: 47.862, update: True
